[Network] Using active interface: 192.168.1.10
[Server]  Started on port 12467
[URL]     http://192.168.1.10:12467/d/4d3d33
[QR]
ΓûêΓûêΓûêΓûêΓûêΓûêΓûêΓûêΓûêΓûêΓûêΓûêΓûêΓûêΓûêΓûêΓûêΓûêΓûêΓûêΓûêΓûêΓûêΓûêΓûêΓûêΓûêΓûêΓûêΓûêΓûêΓûêΓûêΓûêΓûêΓûêΓûê
ΓûêΓûêΓûêΓûêΓûêΓûêΓûêΓûêΓûêΓûêΓûêΓûêΓûêΓûêΓûêΓûêΓûêΓûêΓûêΓûêΓûêΓûêΓûêΓûêΓûêΓûêΓûêΓûêΓûêΓûêΓûêΓûêΓûêΓûêΓûêΓûêΓûê
ΓûêΓûêΓûêΓûê ΓûäΓûäΓûäΓûäΓûä ΓûêΓûêΓûäΓûÇΓûÇ ΓûäΓûÇΓûÇ ΓûÇΓûÇ ΓûäΓûê ΓûäΓûäΓûäΓûäΓûä ΓûêΓûêΓûêΓûê
ΓûêΓûêΓûêΓûê Γûê   Γûê ΓûêΓûä  ΓûÇΓûä  ΓûÇΓûäΓûêΓûä  Γûê Γûê   Γûê ΓûêΓûêΓûêΓûê
ΓûêΓûêΓûêΓûê ΓûêΓûäΓûäΓûäΓûê ΓûêΓûêΓûÇΓûäΓûêΓûêΓûÇΓûäΓûêΓûêΓûêΓûÇ  Γûê ΓûêΓûäΓûäΓûäΓûê ΓûêΓûêΓûêΓûê
ΓûêΓûêΓûêΓûêΓûäΓûäΓûäΓûäΓûäΓûäΓûäΓûê ΓûÇ Γûê ΓûÇ Γûê ΓûÇΓûäΓûÇΓûäΓûêΓûäΓûäΓûäΓûäΓûäΓûäΓûäΓûêΓûêΓûêΓûê
ΓûêΓûêΓûêΓûê  ΓûäΓûêΓûäΓûäΓûäΓûä Γûê  ΓûêΓûê  Γûä  ΓûêΓûêΓûä ΓûÇΓûêΓûÇΓûäΓûêΓûÇΓûêΓûêΓûêΓûê
ΓûêΓûêΓûêΓûêΓûÇΓûêΓûÇΓûêΓûäΓûäΓûäΓûÇΓûÇΓûäΓûêΓûÇΓûêΓûäΓûêΓûêΓûê ΓûÇΓûêΓûä   ΓûäΓûÇΓûä ΓûäΓûêΓûêΓûêΓûê
ΓûêΓûêΓûêΓûêΓûêΓûäΓûêΓûä ΓûêΓûäΓûäΓûÇΓûÇΓûêΓûÇ ΓûÇΓûêΓûêΓûêΓûäΓûäΓûäΓûêΓûê  Γûê ΓûÇΓûä ΓûêΓûêΓûêΓûê
ΓûêΓûêΓûêΓûê  ΓûäΓûêΓûêΓûÇΓûäΓûäΓûäΓûêΓûäΓûä ΓûÇ ΓûêΓûê ΓûÇΓûÇΓûäΓûÇΓûêΓûêΓûÇΓûÇΓûê ΓûäΓûêΓûêΓûêΓûê
ΓûêΓûêΓûêΓûêΓûä ΓûÇΓûäΓûÇΓûäΓûäΓûÇΓûÇ Γûä ΓûêΓûê ΓûêΓûê ΓûêΓûêΓûêΓûÇ ΓûÇΓûêΓûêΓûÇΓûä ΓûêΓûêΓûêΓûê
ΓûêΓûêΓûêΓûêΓûäΓûÇΓûê   ΓûäΓûÇΓûÇΓûÇΓûêΓûÇΓûêΓûäΓûêΓûÇ ΓûÇΓûêΓûÇΓûê ΓûÇΓûÇΓûê Γûê ΓûäΓûêΓûêΓûêΓûê
ΓûêΓûêΓûêΓûêΓûäΓûêΓûäΓûêΓûäΓûêΓûäΓûêΓûÇΓûê ΓûÇ ΓûÇΓûêΓûê ΓûäΓûäΓûê ΓûäΓûäΓûä ΓûêΓûÇΓûÇΓûÇΓûêΓûêΓûêΓûê
ΓûêΓûêΓûêΓûê ΓûäΓûäΓûäΓûäΓûä Γûê ΓûÇΓûÇΓûä ΓûÇ ΓûêΓûê ΓûÇ  ΓûêΓûäΓûê  Γûê  ΓûêΓûêΓûêΓûê
ΓûêΓûêΓûêΓûê Γûê   Γûê ΓûêΓûäΓûêΓûê ΓûêΓûê ΓûêΓûê  ΓûÇ  ΓûäΓûä  ΓûêΓûÇ ΓûêΓûêΓûêΓûê
ΓûêΓûêΓûêΓûê ΓûêΓûäΓûäΓûäΓûê Γûê ΓûêΓûÇΓûÇΓûêΓûäΓûêΓûÇ ΓûÇΓûê ΓûÇ ΓûêΓûêΓûä ΓûäΓûÇΓûäΓûêΓûêΓûêΓûê
ΓûêΓûêΓûêΓûêΓûäΓûäΓûäΓûäΓûäΓûäΓûäΓûêΓûäΓûäΓûêΓûêΓûäΓûêΓûêΓûêΓûäΓûäΓûêΓûêΓûäΓûäΓûäΓûêΓûêΓûäΓûêΓûäΓûäΓûêΓûêΓûêΓûê
ΓûêΓûêΓûêΓûêΓûêΓûêΓûêΓûêΓûêΓûêΓûêΓûêΓûêΓûêΓûêΓûêΓûêΓûêΓûêΓûêΓûêΓûêΓûêΓûêΓûêΓûêΓûêΓûêΓûêΓûêΓûêΓûêΓûêΓûêΓûêΓûêΓûê
ΓûÇΓûÇΓûÇΓûÇΓûÇΓûÇΓûÇΓûÇΓûÇΓûÇΓûÇΓûÇΓûÇΓûÇΓûÇΓûÇΓûÇΓûÇΓûÇΓûÇΓûÇΓûÇΓûÇΓûÇΓûÇΓûÇΓûÇΓûÇΓûÇΓûÇΓûÇΓûÇΓûÇΓûÇΓûÇΓûÇΓûÇ

Status: Waiting for connection... (Server will close after 1 download, timeout 5m)
